<html>
<body>
<pre>
<h1>µVision Build Log</h1>
<h2>Tool Versions:</h2>
IDE-Version: ¦ÌVision V5.29.0.0
Copyright (C) 2019 ARM Ltd and ARM Germany GmbH. All rights reserved.
License Information: yan yuheng, NJUPT, LIC=X96CK-ZI9A8-NNXAF-6I3GU-JGC9H-HW78F
 
Tool Versions:
Toolchain:       MDK-ARM Plus  Version: 5.29.0.0
Toolchain Path:  D:\MDK521A\ARM\ARMCC\Bin
C Compiler:      Armcc.exe V5.06 update 6 (build 750)
Assembler:       Armasm.exe V5.06 update 6 (build 750)
Linker/Locator:  ArmLink.exe V5.06 update 6 (build 750)
Library Manager: ArmAr.exe V5.06 update 6 (build 750)
Hex Converter:   FromElf.exe V5.06 update 6 (build 750)
CPU DLL:         SARMCM3.DLL V5.29.0.0
Dialog DLL:      DCM.DLL V1.17.3.0
Target DLL:      STLink\ST-LINKIII-KEIL_SWO.dll V3.0.7.0
Dialog DLL:      TCM.DLL V1.36.5.0
 
<h2>Project:</h2>
F:\stm32\MQ_3_f103c8t6\MDK-ARM\MQ_3_f103c8t6.uvprojx
Project File Date:  10/24/2020

<h2>Output:</h2>
*** Using Compiler 'V5.06 update 6 (build 750)', folder: 'D:\MDK521A\ARM\ARMCC\Bin'
Build target 'MQ_3_f103c8t6'
compiling main.c...
../Src/main.c(176): warning:  #167-D: argument of type "uint8_t *" is incompatible with parameter of type "char *restrict"
  				sprintf(send_AlcConc,"t2.txt=\"%02d%c%04d\"",(uint8_t)alc_conc,'.',(uint8_t)((alc_conc-(uint8_t)alc_conc)*10000));
../Src/main.c: 1 warning, 0 errors
linking...
Program Size: Code=14776 RO-data=496 RW-data=56 ZI-data=1232  
FromELF: creating hex file...
"MQ_3_f103c8t6\MQ_3_f103c8t6.axf" - 0 Error(s), 1 Warning(s).

<h2>Software Packages used:</h2>

Package Vendor: ARM
                http://www.keil.com/pack/ARM.CMSIS.5.6.0.pack
                ARM.CMSIS.5.6.0
                CMSIS (Cortex Microcontroller Software Interface Standard)
   * Component: CORE Version: 5.3.0

Package Vendor: Keil
                http://www.keil.com/pack/Keil.STM32F1xx_DFP.2.3.0.pack
                Keil.STM32F1xx_DFP.2.3.0
                STMicroelectronics STM32F1 Series Device Support, Drivers and Examples

<h2>Collection of Component include folders:</h2>
  .\RTE\_MQ_3_f103c8t6
  D:\MDK521A\ARM\PACK\ARM\CMSIS\5.6.0\CMSIS\Core\Include
  D:\MDK521A\ARM\PACK\Keil\STM32F1xx_DFP\2.3.0\Device\Include

<h2>Collection of Component Files used:</h2>

   * Component: ARM::CMSIS:CORE:5.3.0
Build Time Elapsed:  00:00:01
</pre>
</body>
</html>
